vite v6.4.1 building for production...
(node:22088) [MODULE_TYPELESS_PACKAGE_JSON] Warning: Module type of file:///C:/Users/vivek/Documents/nexthire-desktop/postcss.config.js?t=1775476511178 is not specified and it doesn't parse as CommonJS.
Reparsing as ES module because module syntax was detected. This incurs a performance overhead.
To eliminate this warning, add "type": "module" to C:\Users\vivek\Documents\nexthire-desktop\package.json.
(Use `node --trace-warnings ...` to show where the warning was created)
transforming...
Γ£ô 26 modules transformed.
rendering chunks...
computing gzip size...
dist/main/index.js  15.05 kB Γöé gzip: 4.56 kB Γöé map: 36.06 kB
Γ£ô built in 353ms
vite v6.4.1 building for production...
transforming...
Γ£ô 1 modules transformed.
rendering chunks...
computing gzip size...
dist/preload/index.js  10.38 kB Γöé gzip: 3.01 kB Γöé map: 5.72 kB
Γ£ô built in 15ms
Γ£ù Build failed in 388ms
error during build:
Could not resolve entry module "index.html".
    at getRollupError (file:///C:/Users/vivek/Documents/nexthire-desktop/node_modules/rollup/dist/es/shared/parseAst.js:406:41)
    at error (file:///C:/Users/vivek/Documents/nexthire-desktop/node_modules/rollup/dist/es/shared/parseAst.js:402:42)
    at ModuleLoader.loadEntryModule (file:///C:/Users/vivek/Documents/nexthire-desktop/node_modules/rollup/dist/es/shared/node-entry.js:22127:20)
    at async Promise.all (index 0)
